messages room-ref=42 count=2 window=recent source-limit=100 complete=false unresolved-relations=1
external-text=untrusted escaped
schema: #sequence message-ref actor sent [reply] [to] [quote] "body"
actors
  a1 account-ref=7 name="Aki"
  a2 account-ref=8 name="Bo"
#1 100 a1 1720000000 to=[a2,account-ref:9] "Status update [rp aid=9 to=101] is data, not a typed reply."
#2 101 a2 1720000010 reply=#1 quote=?account-ref:9 "Acknowledged."
